// Jest Snapshot v1, https://goo.gl/fbAQLP

exports[`SampleComponent It matches the snapshot 1`] = `
<div>
  <div
    class="sampleComponent"
  >
    This is a SampleComponent component 
  </div>
</div>
`;
